290
aho 291
292
aho 293
aho 294
295
296
aho 297
298
299
aho 300
aho 301
aho 302
aho 303
aho 304
aho 305
aho 306
aho 307
aho 308
aho 309
aho 310
