7	:***** **
10	:***** *****
14	:***** ***** ****
15	:***** ***** *****
21	:***** ***** ***** ***** *
