1
2
aho 3
4
5
aho 6
7
8
aho 9
10
11
aho 12
aho 13
14
aho 15
16
17
aho 18
19
20
aho 21
22
aho 23
aho 24
25
26
aho 27
28
29
aho 30
aho 31
aho 32
aho 33
aho 34
aho 35
aho 36
aho 37
aho 38
aho 39
40
41
aho 42
aho 43
44
aho 45
46
47
aho 48
49
50
